"""Auto-generated by poetry-plugin-package-info at 2023-06-09T01:23:45Z."""


class PackageInfo:
    project_name: str = "git-project-no-changes"
    project_description: str = "Some description."
    project_version: str = "1.2.3"
    project_authors: list[str] = [
        "Ben Ellis <ben.ellis@softweyr.co.uk>",
    ]
    project_license: str = "MIT"
    project_classifiers: list[str] = [
        "Topic :: Software Development :: Build Tools",
        "Topic :: Software Development :: Libraries :: Python Modules",
    ]
    project_documentation: str = "https://python-poetry.org/docs"
    project_repository: str = "https://github.com/python-poetry/poetry"
    project_homepage: str = "https://python-poetry.org"
    project_keywords: list[str] = [
        "packaging",
        "dependency",
        "poetry",
    ]
    project_readme: str = "README.rst"
    # Git repository is bare, skipped git properties relating to commits.
    git_branch_name: str = "main"
    git_branch_path: str = "refs/heads/main"
    git_is_dirty: bool = False
    git_is_dirty_excluding_untracked: bool = False
    git_has_staged_changes: bool = False
    git_has_unstaged_changes: bool = False
    git_has_untracked_changes: bool = False
