"""Auto-generated by poetry-plugin-package-info at 2023-06-09T01:23:45Z."""


class PackageInfo:
    project_name: str = "simple-project"
    project_description: str = (
        "Some description very long description. Some description very long descr"
        "iption. Some description very long description. Some description very lo"
        "ng description."
    )
    project_version: str = "1.2.3"
    project_homepage: str = "https://python-poetry.org"
    project_repository: str = "https://github.com/python-poetry/poetry"
    project_documentation: str = "https://python-poetry.org/docs"
    project_classifiers: list[str] = [
        "Topic :: Software Development :: Build Tools",
        "Topic :: Software Development :: Libraries :: Python Modules",
    ]
    project_authors: list[str] = [
        "Ben Ellis <ben.ellis@softweyr.co.uk>",
    ]
    project_license: str = "MIT"
# No git repository found, skipped gitproperties.
