"""Auto-generated by poetry-plugin-package-info at 2023-06-09T01:23:45Z."""
project_name = "git-project-empty"
project_description = "Some description."
project_version = "1.2.3"
project_homepage = "https://python-poetry.org"
project_repository = "https://github.com/python-poetry/poetry"
project_documentation = "https://python-poetry.org/docs"
project_classifiers = [
    "Topic :: Software Development :: Build Tools",
    "Topic :: Software Development :: Libraries :: Python Modules",
]
project_authors = [
    "Ben Ellis <ben.ellis@softweyr.co.uk>",
]
project_license = "MIT"
# Git repository is bare, skipped git properties relating to commits.
git_branch_name = "main"
git_branch_path = "refs/heads/main"
git_is_dirty = False
git_is_dirty_excluding_untracked = False
git_has_staged_changes = False
git_has_unstaged_changes = False
git_has_untracked_changes = False
