"""Auto-generated by poetry-plugin-package-info at 2023-06-09T01:23:45Z."""


class PackageInfo:
    project_name: str = "git-project-unstaged-changes"
    project_description: str = "Some description."
    project_version: str = "1.2.3"
    project_homepage: str = "https://python-poetry.org"
    project_repository: str = "https://github.com/python-poetry/poetry"
    project_documentation: str = "https://python-poetry.org/docs"
    project_classifiers: list[str] = [
        "Topic :: Software Development :: Build Tools",
        "Topic :: Software Development :: Libraries :: Python Modules",
    ]
    project_authors: list[str] = [
        "Ben Ellis <ben.ellis@softweyr.co.uk>",
    ]
    project_license: str = "MIT"
    git_commit_id: str = "f6e36b498dfa61a2a4654fdcb0b969aaf1e0c1df"
    git_commit_author_name: str = "Ben Ellis"
    git_commit_author_email: str = "ben.ellis@softweyr.co.uk"
    git_commit_timestamp: str = "2023-06-09T03:35:39+01:00"
    git_branch_name: str = "main"
    git_branch_path: str = "refs/heads/main"
    git_is_dirty: bool = True
    git_is_dirty_excluding_untracked: bool = True
    git_has_staged_changes: bool = False
    git_has_unstaged_changes: bool = True
    git_has_untracked_changes: bool = False
